------------------------------------------------------------
Timing Analyzer Summary
------------------------------------------------------------

Type  : Slow 1200mV 85C Model Setup 'MAX10_CLK1_50'
Slack : -7.561
TNS   : -5559.197

Type  : Slow 1200mV 85C Model Hold 'MAX10_CLK1_50'
Slack : 0.327
TNS   : 0.000

Type  : Slow 1200mV 85C Model Minimum Pulse Width 'MAX10_CLK1_50'
Slack : -3.000
TNS   : -1291.460

Type  : Slow 1200mV 0C Model Setup 'MAX10_CLK1_50'
Slack : -6.728
TNS   : -4932.834

Type  : Slow 1200mV 0C Model Hold 'MAX10_CLK1_50'
Slack : 0.297
TNS   : 0.000

Type  : Slow 1200mV 0C Model Minimum Pulse Width 'MAX10_CLK1_50'
Slack : -3.000
TNS   : -1291.364

Type  : Fast 1200mV 0C Model Setup 'MAX10_CLK1_50'
Slack : -3.215
TNS   : -2221.682

Type  : Fast 1200mV 0C Model Hold 'MAX10_CLK1_50'
Slack : 0.150
TNS   : 0.000

Type  : Fast 1200mV 0C Model Minimum Pulse Width 'MAX10_CLK1_50'
Slack : -3.000
TNS   : -1079.779

------------------------------------------------------------
